../Core/Src/main.c:106:6:HAL_GPIO_EXTI_Callback	24	static
../Core/Src/main.c:122:6:HAL_TIM_PeriodElapsedCallback	16	static
../Core/Src/main.c:148:6:HAL_UART_RxCpltCallback	24	static
../Core/Src/main.c:168:6:zad1	8	static
../Core/Src/main.c:183:5:main	8	static
../Core/Src/main.c:242:6:SystemClock_Config	88	static
../Core/Src/main.c:295:13:MX_ETH_Init	8	static
../Core/Src/main.c:342:13:MX_TIM2_Init	40	static
../Core/Src/main.c:383:13:MX_TIM3_Init	40	static
../Core/Src/main.c:424:13:MX_USART3_UART_Init	8	static
../Core/Src/main.c:457:13:MX_USB_OTG_FS_PCD_Init	8	static
../Core/Src/main.c:490:13:MX_GPIO_Init	56	static
../Core/Src/main.c:553:6:Error_Handler	4	static,ignoring_inline_asm
