../Core/Src/main.c:100:6:HAL_TIM_PeriodElapsedCallback	16	static
../Core/Src/main.c:118:6:HAL_GPIO_EXTI_Callback	24	static
../Core/Src/main.c:171:5:main	8	static
../Core/Src/main.c:219:6:SystemClock_Config	88	static
../Core/Src/main.c:273:13:MX_ETH_Init	8	static
../Core/Src/main.c:321:13:MX_TIM2_Init	40	static
../Core/Src/main.c:363:13:MX_TIM3_Init	64	static
../Core/Src/main.c:426:13:MX_USART3_UART_Init	8	static
../Core/Src/main.c:459:13:MX_USB_OTG_FS_PCD_Init	8	static
../Core/Src/main.c:492:13:MX_GPIO_Init	56	static
../Core/Src/main.c:575:6:Error_Handler	4	static,ignoring_inline_asm
