Archive member included to satisfy reference by file (symbol)

C:/ST/STM32CubeIDE_1.19.0/STM32CubeIDE/plugins/com.st.stm32cube.ide.mcu.externaltools.gnu-tools-for-stm32.13.3.rel1.win32_1.0.0.202411081344/tools/bin/../lib/gcc/arm-none-eabi/13.3.1/../../../../arm-none-eabi/lib/thumb/v7e-m+dp/hard\libc_nano.a(libc_a-exit.o)
                              C:/ST/STM32CubeIDE_1.19.0/STM32CubeIDE/plugins/com.st.stm32cube.ide.mcu.externaltools.gnu-tools-for-stm32.13.3.rel1.win32_1.0.0.202411081344/tools/bin/../lib/gcc/arm-none-eabi/13.3.1/../../../../arm-none-eabi/lib/thumb/v7e-m+dp/hard/crt0.o (exit)
C:/ST/STM32CubeIDE_1.19.0/STM32CubeIDE/plugins/com.st.stm32cube.ide.mcu.externaltools.gnu-tools-for-stm32.13.3.rel1.win32_1.0.0.202411081344/tools/bin/../lib/gcc/arm-none-eabi/13.3.1/../../../../arm-none-eabi/lib/thumb/v7e-m+dp/hard\libc_nano.a(libc_a-findfp.o)
                              C:/ST/STM32CubeIDE_1.19.0/STM32CubeIDE/plugins/com.st.stm32cube.ide.mcu.externaltools.gnu-tools-for-stm32.13.3.rel1.win32_1.0.0.202411081344/tools/bin/../lib/gcc/arm-none-eabi/13.3.1/../../../../arm-none-eabi/lib/thumb/v7e-m+dp/hard\libc_nano.a(libc_a-exit.o) (__stdio_exit_handler)
C:/ST/STM32CubeIDE_1.19.0/STM32CubeIDE/plugins/com.st.stm32cube.ide.mcu.externaltools.gnu-tools-for-stm32.13.3.rel1.win32_1.0.0.202411081344/tools/bin/../lib/gcc/arm-none-eabi/13.3.1/../../../../arm-none-eabi/lib/thumb/v7e-m+dp/hard\libc_nano.a(libc_a-fwalk.o)
                              C:/ST/STM32CubeIDE_1.19.0/STM32CubeIDE/plugins/com.st.stm32cube.ide.mcu.externaltools.gnu-tools-for-stm32.13.3.rel1.win32_1.0.0.202411081344/tools/bin/../lib/gcc/arm-none-eabi/13.3.1/../../../../arm-none-eabi/lib/thumb/v7e-m+dp/hard\libc_nano.a(libc_a-findfp.o) (_fwalk_sglue)
C:/ST/STM32CubeIDE_1.19.0/STM32CubeIDE/plugins/com.st.stm32cube.ide.mcu.externaltools.gnu-tools-for-stm32.13.3.rel1.win32_1.0.0.202411081344/tools/bin/../lib/gcc/arm-none-eabi/13.3.1/../../../../arm-none-eabi/lib/thumb/v7e-m+dp/hard\libc_nano.a(libc_a-stdio.o)
                              C:/ST/STM32CubeIDE_1.19.0/STM32CubeIDE/plugins/com.st.stm32cube.ide.mcu.externaltools.gnu-tools-for-stm32.13.3.rel1.win32_1.0.0.202411081344/tools/bin/../lib/gcc/arm-none-eabi/13.3.1/../../../../arm-none-eabi/lib/thumb/v7e-m+dp/hard\libc_nano.a(libc_a-findfp.o) (__sread)
C:/ST/STM32CubeIDE_1.19.0/STM32CubeIDE/plugins/com.st.stm32cube.ide.mcu.externaltools.gnu-tools-for-stm32.13.3.rel1.win32_1.0.0.202411081344/tools/bin/../lib/gcc/arm-none-eabi/13.3.1/../../../../arm-none-eabi/lib/thumb/v7e-m+dp/hard\libc_nano.a(libc_a-memset.o)
                              C:/ST/STM32CubeIDE_1.19.0/STM32CubeIDE/plugins/com.st.stm32cube.ide.mcu.externaltools.gnu-tools-for-stm32.13.3.rel1.win32_1.0.0.202411081344/tools/bin/../lib/gcc/arm-none-eabi/13.3.1/../../../../arm-none-eabi/lib/thumb/v7e-m+dp/hard/crt0.o (memset)
C:/ST/STM32CubeIDE_1.19.0/STM32CubeIDE/plugins/com.st.stm32cube.ide.mcu.externaltools.gnu-tools-for-stm32.13.3.rel1.win32_1.0.0.202411081344/tools/bin/../lib/gcc/arm-none-eabi/13.3.1/../../../../arm-none-eabi/lib/thumb/v7e-m+dp/hard\libc_nano.a(libc_a-strchr.o)
                              ./Core/Src/UartMessageHandler.o (strchr)
C:/ST/STM32CubeIDE_1.19.0/STM32CubeIDE/plugins/com.st.stm32cube.ide.mcu.externaltools.gnu-tools-for-stm32.13.3.rel1.win32_1.0.0.202411081344/tools/bin/../lib/gcc/arm-none-eabi/13.3.1/../../../../arm-none-eabi/lib/thumb/v7e-m+dp/hard\libc_nano.a(libc_a-closer.o)
                              C:/ST/STM32CubeIDE_1.19.0/STM32CubeIDE/plugins/com.st.stm32cube.ide.mcu.externaltools.gnu-tools-for-stm32.13.3.rel1.win32_1.0.0.202411081344/tools/bin/../lib/gcc/arm-none-eabi/13.3.1/../../../../arm-none-eabi/lib/thumb/v7e-m+dp/hard\libc_nano.a(libc_a-stdio.o) (_close_r)
C:/ST/STM32CubeIDE_1.19.0/STM32CubeIDE/plugins/com.st.stm32cube.ide.mcu.externaltools.gnu-tools-for-stm32.13.3.rel1.win32_1.0.0.202411081344/tools/bin/../lib/gcc/arm-none-eabi/13.3.1/../../../../arm-none-eabi/lib/thumb/v7e-m+dp/hard\libc_nano.a(libc_a-reent.o)
                              C:/ST/STM32CubeIDE_1.19.0/STM32CubeIDE/plugins/com.st.stm32cube.ide.mcu.externaltools.gnu-tools-for-stm32.13.3.rel1.win32_1.0.0.202411081344/tools/bin/../lib/gcc/arm-none-eabi/13.3.1/../../../../arm-none-eabi/lib/thumb/v7e-m+dp/hard\libc_nano.a(libc_a-closer.o) (errno)
C:/ST/STM32CubeIDE_1.19.0/STM32CubeIDE/plugins/com.st.stm32cube.ide.mcu.externaltools.gnu-tools-for-stm32.13.3.rel1.win32_1.0.0.202411081344/tools/bin/../lib/gcc/arm-none-eabi/13.3.1/../../../../arm-none-eabi/lib/thumb/v7e-m+dp/hard\libc_nano.a(libc_a-impure.o)
                              C:/ST/STM32CubeIDE_1.19.0/STM32CubeIDE/plugins/com.st.stm32cube.ide.mcu.externaltools.gnu-tools-for-stm32.13.3.rel1.win32_1.0.0.202411081344/tools/bin/../lib/gcc/arm-none-eabi/13.3.1/../../../../arm-none-eabi/lib/thumb/v7e-m+dp/hard\libc_nano.a(libc_a-reent.o) (_impure_ptr)
[...]
Memory Configuration

Name             Origin             Length             Attributes
RAM              0x20000000         0x00080000         xrw
FLASH            0x08000000         0x00200000         xr
*default*        0x00000000         0xffffffff

Linker script and memory map

LOAD C:/ST/STM32CubeIDE_1.19.0/STM32CubeIDE/plugins/com.st.stm32cube.ide.mcu.externaltools.gnu-tools-for-stm32.13.3.rel1.win32_1.0.0.202411081344/tools/bin/../lib/gcc/arm-none-eabi/13.3.1/thumb/v7e-m+dp/hard/crti.o
LOAD C:/ST/STM32CubeIDE_1.19.0/STM32CubeIDE/plugins/com.st.stm32cube.ide.mcu.externaltools.gnu-tools-for-stm32.13.3.rel1.win32_1.0.0.202411081344/tools/bin/../lib/gcc/arm-none-eabi/13.3.1/thumb/v7e-m+dp/hard/crtbegin.o
LOAD C:/ST/STM32CubeIDE_1.19.0/STM32CubeIDE/plugins/com.st.stm32cube.ide.mcu.externaltools.gnu-tools-for-stm32.13.3.rel1.win32_1.0.0.202411081344/tools/bin/../lib/gcc/arm-none-eabi/13.3.1/../../../../arm-none-eabi/lib/thumb/v7e-m+dp/hard/crt0.o
LOAD ./Core/Src/UartMessageHandler.o
LOAD ./Core/Src/main.o
LOAD ./Core/Src/main_hal.o
LOAD ./Core/Src/stm32f7xx_hal_msp.o
LOAD ./Core/Src/stm32f7xx_it.o
LOAD ./Core/Src/syscalls.o
LOAD ./Core/Src/sysmem.o
LOAD ./Core/Src/system_stm32f7xx.o
LOAD ./Core/Startup/startup_stm32f767zitx.o
LOAD ./Drivers/STM32F7xx_HAL_Driver/Src/stm32f7xx_hal.o
LOAD ./Drivers/STM32F7xx_HAL_Driver/Src/stm32f7xx_hal_cortex.o
LOAD ./Drivers/STM32F7xx_HAL_Driver/Src/stm32f7xx_hal_dma.o
LOAD ./Drivers/STM32F7xx_HAL_Driver/Src/stm32f7xx_hal_dma_ex.o
LOAD ./Drivers/STM32F7xx_HAL_Driver/Src/stm32f7xx_hal_eth.o
LOAD ./Drivers/STM32F7xx_HAL_Driver/Src/stm32f7xx_hal_exti.o
LOAD ./Drivers/STM32F7xx_HAL_Driver/Src/stm32f7xx_hal_flash.o
LOAD ./Drivers/STM32F7xx_HAL_Driver/Src/stm32f7xx_hal_flash_ex.o
LOAD ./Drivers/STM32F7xx_HAL_Driver/Src/stm32f7xx_hal_gpio.o
LOAD ./Drivers/STM32F7xx_HAL_Driver/Src/stm32f7xx_hal_i2c.o
LOAD ./Drivers/STM32F7xx_HAL_Driver/Src/stm32f7xx_hal_i2c_ex.o
LOAD ./Drivers/STM32F7xx_HAL_Driver/Src/stm32f7xx_hal_pcd.o
LOAD ./Drivers/STM32F7xx_HAL_Driver/Src/stm32f7xx_hal_pcd_ex.o
LOAD ./Drivers/STM32F7xx_HAL_Driver/Src/stm32f7xx_hal_pwr.o
LOAD ./Drivers/STM32F7xx_HAL_Driver/Src/stm32f7xx_hal_pwr_ex.o
LOAD ./Drivers/STM32F7xx_HAL_Driver/Src/stm32f7xx_hal_rcc.o
LOAD ./Drivers/STM32F7xx_HAL_Driver/Src/stm32f7xx_hal_rcc_ex.o
LOAD ./Drivers/STM32F7xx_HAL_Driver/Src/stm32f7xx_hal_uart.o
LOAD ./Drivers/STM32F7xx_HAL_Driver/Src/stm32f7xx_hal_uart_ex.o
LOAD ./Drivers/STM32F7xx_HAL_Driver/Src/stm32f7xx_ll_usb.o
START GROUP
LOAD C:/ST/STM32CubeIDE_1.19.0/STM32CubeIDE/plugins/com.st.stm32cube.ide.mcu.externaltools.gnu-tools-for-stm32.13.3.rel1.win32_1.0.0.202411081344/tools/bin/../lib/gcc/arm-none-eabi/13.3.1/../../../../arm-none-eabi/lib/thumb/v7e-m+dp/hard\libstdc++_nano.a
LOAD C:/ST/STM32CubeIDE_1.19.0/STM32CubeIDE/plugins/com.st.stm32cube.ide.mcu.externaltools.gnu-tools-for-stm32.13.3.rel1.win32_1.0.0.202411081344/tools/bin/../lib/gcc/arm-none-eabi/13.3.1/../../../../arm-none-eabi/lib/thumb/v7e-m+dp/hard\libsupc++_nano.a
END GROUP
LOAD C:/ST/STM32CubeIDE_1.19.0/STM32CubeIDE/plugins/com.st.stm32cube.ide.mcu.externaltools.gnu-tools-for-stm32.13.3.rel1.win32_1.0.0.202411081344/tools/bin/../lib/gcc/arm-none-eabi/13.3.1/../../../../arm-none-eabi/lib/thumb/v7e-m+dp/hard\libstdc++_nano.a
LOAD C:/ST/STM32CubeIDE_1.19.0/STM32CubeIDE/plugins/com.st.stm32cube.ide.mcu.externaltools.gnu-tools-for-stm32.13.3.rel1.win32_1.0.0.202411081344/tools/bin/../lib/gcc/arm-none-eabi/13.3.1/../../../../arm-none-eabi/lib/thumb/v7e-m+dp/hard\libm.a
LOAD C:/ST/STM32CubeIDE_1.19.0/STM32CubeIDE/plugins/com.st.stm32cube.ide.mcu.externaltools.gnu-tools-for-stm32.13.3.rel1.win32_1.0.0.202411081344/tools/bin/../lib/gcc/arm-none-eabi/13.3.1/../../../../arm-none-eabi/lib/thumb/v7e-m+dp/hard\libc_nano.a
START GROUP
LOAD C:/ST/STM32CubeIDE_1.19.0/STM32CubeIDE/plugins/com.st.stm32cube.ide.mcu.externaltools.gnu-tools-for-stm32.13.3.rel1.win32_1.0.0.202411081344/tools/bin/../lib/gcc/arm-none-eabi/13.3.1/thumb/v7e-m+dp/hard\libgcc.a
LOAD C:/ST/STM32CubeIDE_1.19.0/STM32CubeIDE/plugins/com.st.stm32cube.ide.mcu.externaltools.gnu-tools-for-stm32.13.3.rel1.win32_1.0.0.202411081344/tools/bin/../lib/gcc/arm-none-eabi/13.3.1/../../../../arm-none-eabi/lib/thumb/v7e-m+dp/hard\libc_nano.a
END GROUP
START GROUP
LOAD C:/ST/STM32CubeIDE_1.19.0/STM32CubeIDE/plugins/com.st.stm32cube.ide.mcu.externaltools.gnu-tools-for-stm32.13.3.rel1.win32_1.0.0.202411081344/tools/bin/../lib/gcc/arm-none-eabi/13.3.1/thumb/v7e-m+dp/hard\libgcc.a
LOAD C:/ST/STM32CubeIDE_1.19.0/STM32CubeIDE/plugins/com.st.stm32cube.ide.mcu.externaltools.gnu-tools-for-stm32.13.3.rel1.win32_1.0.0.202411081344/tools/bin/../lib/gcc/arm-none-eabi/13.3.1/../../../../arm-none-eabi/lib/thumb/v7e-m+dp/hard\libc_nano.a
LOAD C:/ST/STM32CubeIDE_1.19.0/STM32CubeIDE/plugins/com.st.stm32cube.ide.mcu.externaltools.gnu-tools-for-stm32.13.3.rel1.win32_1.0.0.202411081344/tools/bin/../lib/gcc/arm-none-eabi/13.3.1/../../../../arm-none-eabi/lib/thumb/v7e-m+dp/hard\libnosys.a
END GROUP
START GROUP
LOAD C:/ST/STM32CubeIDE_1.19.0/STM32CubeIDE/plugins/com.st.stm32cube.ide.mcu.externaltools.gnu-tools-for-stm32.13.3.rel1.win32_1.0.0.202411081344/tools/bin/../lib/gcc/arm-none-eabi/13.3.1/thumb/v7e-m+dp/hard\libgcc.a
LOAD C:/ST/STM32CubeIDE_1.19.0/STM32CubeIDE/plugins/com.st.stm32cube.ide.mcu.externaltools.gnu-tools-for-stm32.13.3.rel1.win32_1.0.0.202411081344/tools/bin/../lib/gcc/arm-none-eabi/13.3.1/../../../../arm-none-eabi/lib/thumb/v7e-m+dp/hard\libc_nano.a
LOAD C:/ST/STM32CubeIDE_1.19.0/STM32CubeIDE/plugins/com.st.stm32cube.ide.mcu.externaltools.gnu-tools-for-stm32.13.3.rel1.win32_1.0.0.202411081344/tools/bin/../lib/gcc/arm-none-eabi/13.3.1/../../../../arm-none-eabi/lib/thumb/v7e-m+dp/hard\libnosys.a
END GROUP
LOAD C:/ST/STM32CubeIDE_1.19.0/STM32CubeIDE/plugins/com.st.stm32cube.ide.mcu.externaltools.gnu-tools-for-stm32.13.3.rel1.win32_1.0.0.202411081344/tools/bin/../lib/gcc/arm-none-eabi/13.3.1/thumb/v7e-m+dp/hard/crtend.o
LOAD C:/ST/STM32CubeIDE_1.19.0/STM32CubeIDE/plugins/com.st.stm32cube.ide.mcu.externaltools.gnu-tools-for-stm32.13.3.rel1.win32_1.0.0.202411081344/tools/bin/../lib/gcc/arm-none-eabi/13.3.1/thumb/v7e-m+dp/hard/crtn.o
                0x20080000                        _estack = (ORIGIN (RAM) + LENGTH (RAM))
                0x00000200                        _Min_Heap_Size = 0x200
                0x00000400                        _Min_Stack_Size = 0x400

.isr_vector     0x08000000      0x1f8
                0x08000000                        . = ALIGN (0x4)
 *(.isr_vector)
 .isr_vector    0x08000000      0x1f8 ./Core/Startup/startup_stm32f767zitx.o
                0x08000000                g_pfnVectors
                0x080001f8                        . = ALIGN (0x4)

.text           0x080001f8     0x3c88
                0x080001f8                        . = ALIGN (0x4)
 *(.text)
 .text          0x080001f8       0x40 C:/ST/STM32CubeIDE_1.19.0/STM32CubeIDE/plugins/com.st.stm32cube.ide.mcu.externaltools.gnu-tools-for-stm32.13.3.rel1.win32_1.0.0.202411081344/tools/bin/../lib/gcc/arm-none-eabi/13.3.1/thumb/v7e-m+dp/hard/crtbegin.o
 .text          0x08000238       0x10 C:/ST/STM32CubeIDE_1.19.0/STM32CubeIDE/plugins/com.st.stm32cube.ide.mcu.externaltools.gnu-tools-for-stm32.13.3.rel1.win32_1.0.0.202411081344/tools/bin/../lib/gcc/arm-none-eabi/13.3.1/../../../../arm-none-eabi/lib/thumb/v7e-m+dp/hard\libc_nano.a(libc_a-strlen.o)
                0x08000238                strlen
 .text          0x08000248       0x30 C:/ST/STM32CubeIDE_1.19.0/STM32CubeIDE/plugins/com.st.stm32cube.ide.mcu.externaltools.gnu-tools-for-stm32.13.3.rel1.win32_1.0.0.202411081344/tools/bin/../lib/gcc/arm-none-eabi/13.3.1/thumb/v7e-m+dp/hard\libgcc.a(_aeabi_uldivmod.o)
                0x08000248                __aeabi_uldivmod
 .text          0x08000278      0x2f8 C:/ST/STM32CubeIDE_1.19.0/STM32CubeIDE/plugins/com.st.stm32cube.ide.mcu.externaltools.gnu-tools-for-stm32.13.3.rel1.win32_1.0.0.202411081344/tools/bin/../lib/gcc/arm-none-eabi/13.3.1/thumb/v7e-m+dp/hard\libgcc.a(_udivmoddi4.o)
                0x08000278                __udivmoddi4
 .text          0x08000570        0x4 C:/ST/STM32CubeIDE_1.19.0/STM32CubeIDE/plugins/com.st.stm32cube.ide.mcu.externaltools.gnu-tools-for-stm32.13.3.rel1.win32_1.0.0.202411081344/tools/bin/../lib/gcc/arm-none-eabi/13.3.1/thumb/v7e-m+dp/hard\libgcc.a(_dvmd_tls.o)
                0x08000570                __aeabi_idiv0
                0x08000570                __aeabi_ldiv0
 *(.text*)
 .text._ZN18UartMessageHandlerC2EP20__UART_HandleTypeDef
                0x08000574       0x32 ./Core/Src/UartMessageHandler.o
                0x08000574                UartMessageHandler::UartMessageHandler(__UART_HandleTypeDef*)
                0x08000574                UartMessageHandler::UartMessageHandler(__UART_HandleTypeDef*)
 .text._ZN18UartMessageHandler11receiveByteEh
                0x080005a6       0x68 ./Core/Src/UartMessageHandler.o
                0x080005a6                UartMessageHandler::receiveByte(unsigned char)
 .text._ZN18UartMessageHandler15transmitMessageEPKc
                0x0800060e       0x2c ./Core/Src/UartMessageHandler.o
                0x0800060e                UartMessageHandler::transmitMessage(char const*)
 *fill*         0x0800063a        0x2 
 .text._ZN18UartMessageHandler14processMessageEv
                0x0800063c       0xf8 ./Core/Src/UartMessageHandler.o
                0x0800063c                UartMessageHandler::processMessage()
 .text.HAL_UART_RxCpltCallback
                0x08000734       0x40 ./Core/Src/main.o
                0x08000734                HAL_UART_RxCpltCallback
 .text.main     0x08000774       0x30 ./Core/Src/main.o
                0x08000774                main
 .text._Z41__static_initialization_and_destruction_0v
                0x080007a4       0x18 ./Core/Src/main.o
 .text._GLOBAL__sub_I_uartHandler
                0x080007bc        0xa ./Core/Src/main.o
 *fill*         0x080007c6        0x2 
 .text.SystemClock_Config
                0x080007c8      0x100 ./Core/Src/main_hal.o
                0x080007c8                SystemClock_Config
 .text.MX_USART3_UART_Init
                0x080008c8       0x68 ./Core/Src/main_hal.o
                0x080008c8                MX_USART3_UART_Init
 .text.MX_GPIO_Init
                0x08000930      0x144 ./Core/Src/main_hal.o
                0x08000930                MX_GPIO_Init
 .text.Error_Handler
                0x08000a74        0xc ./Core/Src/main_hal.o
                0x08000a74                Error_Handler
 .text.HAL_MspInit
                0x08000a80       0x48 ./Core/Src/stm32f7xx_hal_msp.o
                0x08000a80                HAL_MspInit
 .text.HAL_UART_MspInit
                0x08000ac8       0xd0 ./Core/Src/stm32f7xx_hal_msp.o
                0x08000ac8                HAL_UART_MspInit
 .text.NMI_Handler
                0x08000b98        0x8 ./Core/Src/stm32f7xx_it.o
                0x08000b98                NMI_Handler
 .text.HardFault_Handler
                0x08000ba0        0x8 ./Core/Src/stm32f7xx_it.o
                0x08000ba0                HardFault_Handler
 .text.MemManage_Handler
                0x08000ba8        0x8 ./Core/Src/stm32f7xx_it.o
                0x08000ba8                MemManage_Handler
 .text.BusFault_Handler
                0x08000bb0        0x8 ./Core/Src/stm32f7xx_it.o
                0x08000bb0                BusFault_Handler
 .text.UsageFault_Handler
                0x08000bb8        0x8 ./Core/Src/stm32f7xx_it.o
                0x08000bb8                UsageFault_Handler
 .text.SVC_Handler
                0x08000bc0        0xe ./Core/Src/stm32f7xx_it.o
                0x08000bc0                SVC_Handler
 .text.DebugMon_Handler
                0x08000bce        0xe ./Core/Src/stm32f7xx_it.o
                0x08000bce                DebugMon_Handler
 .text.PendSV_Handler
                0x08000bdc        0xe ./Core/Src/stm32f7xx_it.o
                0x08000bdc                PendSV_Handler
 .text.SysTick_Handler
                0x08000bea        0xc ./Core/Src/stm32f7xx_it.o
                0x08000bea                SysTick_Handler
 *fill*         0x08000bf6        0x2 
 .text.USART3_IRQHandler
                0x08000bf8       0x14 ./Core/Src/stm32f7xx_it.o
                0x08000bf8                USART3_IRQHandler
 .text.SystemInit
                0x08000c0c       0x24 ./Core/Src/system_stm32f7xx.o
                0x08000c0c                SystemInit
 .text.Reset_Handler
                0x08000c30       0x50 ./Core/Startup/startup_stm32f767zitx.o
                0x08000c30                Reset_Handler
 .text.Default_Handler
                0x08000c80        0x2 ./Core/Startup/startup_stm32f767zitx.o
                0x08000c80                RTC_Alarm_IRQHandler
                0x08000c80                EXTI2_IRQHandler
                0x08000c80                TIM8_CC_IRQHandler
                0x08000c80                UART8_IRQHandler
                0x08000c80                SPI4_IRQHandler
                0x08000c80                TIM1_CC_IRQHandler
                0x08000c80                DMA2_Stream5_IRQHandler
                0x08000c80                JPEG_IRQHandler
                0x08000c80                DMA1_Stream5_IRQHandler
                0x08000c80                CAN3_RX1_IRQHandler
                0x08000c80                PVD_IRQHandler
                0x08000c80                TAMP_STAMP_IRQHandler
                0x08000c80                CAN2_RX1_IRQHandler
                0x08000c80                EXTI3_IRQHandler
                0x08000c80                TIM8_TRG_COM_TIM14_IRQHandler
                0x08000c80                DFSDM1_FLT1_IRQHandler
                0x08000c80                TIM1_UP_TIM10_IRQHandler
                0x08000c80                TIM8_UP_TIM13_IRQHandler
                0x08000c80                I2C3_ER_IRQHandler
                0x08000c80                DFSDM1_FLT2_IRQHandler
                0x08000c80                EXTI0_IRQHandler
                0x08000c80                I2C2_EV_IRQHandler
                0x08000c80                DMA1_Stream2_IRQHandler
                0x08000c80                CAN1_RX0_IRQHandler
                0x08000c80                FPU_IRQHandler
                0x08000c80                OTG_HS_WKUP_IRQHandler
                0x08000c80                CAN3_SCE_IRQHandler
                0x08000c80                LTDC_ER_IRQHandler
                0x08000c80                CAN2_SCE_IRQHandler
                0x08000c80                DMA2_Stream2_IRQHandler
                0x08000c80                SPI1_IRQHandler
                0x08000c80                TIM6_DAC_IRQHandler
                0x08000c80                TIM1_BRK_TIM9_IRQHandler
                0x08000c80                DCMI_IRQHandler
                0x08000c80                CAN2_RX0_IRQHandler
                0x08000c80                DMA2_Stream3_IRQHandler
                0x08000c80                SAI2_IRQHandler
                0x08000c80                DFSDM1_FLT3_IRQHandler
                0x08000c80                USART6_IRQHandler
                0x08000c80                CAN3_RX0_IRQHandler
                0x08000c80                CAN1_RX1_IRQHandler
                0x08000c80                UART5_IRQHandler
                0x08000c80                DMA2_Stream0_IRQHandler
                0x08000c80                TIM4_IRQHandler
                0x08000c80                QUADSPI_IRQHandler
                0x08000c80                I2C1_EV_IRQHandler
                0x08000c80                DMA1_Stream6_IRQHandler
                0x08000c80                DMA1_Stream1_IRQHandler
                0x08000c80                UART4_IRQHandler
                0x08000c80                TIM3_IRQHandler
                0x08000c80                RCC_IRQHandler
                0x08000c80                TIM8_BRK_TIM12_IRQHandler
                0x08000c80                Default_Handler
                0x08000c80                CEC_IRQHandler
                0x08000c80                EXTI15_10_IRQHandler
                0x08000c80                ADC_IRQHandler
                0x08000c80                DMA1_Stream7_IRQHandler
                0x08000c80                SPI5_IRQHandler
                0x08000c80                TIM7_IRQHandler
                0x08000c80                SDMMC1_IRQHandler
                0x08000c80                CAN2_TX_IRQHandler
                0x08000c80                TIM5_IRQHandler
                0x08000c80                DMA2_Stream7_IRQHandler
                0x08000c80                I2C3_EV_IRQHandler
                0x08000c80                EXTI9_5_IRQHandler
                0x08000c80                RTC_WKUP_IRQHandler
                0x08000c80                LTDC_IRQHandler
                0x08000c80                ETH_WKUP_IRQHandler
                0x08000c80                SPDIF_RX_IRQHandler
                0x08000c80                SPI2_IRQHandler
                0x08000c80                OTG_HS_EP1_IN_IRQHandler
                0x08000c80                DMA1_Stream0_IRQHandler
                0x08000c80                CAN1_TX_IRQHandler
                0x08000c80                EXTI4_IRQHandler
                0x08000c80                RNG_IRQHandler
                0x08000c80                ETH_IRQHandler
                0x08000c80                OTG_HS_EP1_OUT_IRQHandler
                0x08000c80                WWDG_IRQHandler
                0x08000c80                SPI6_IRQHandler
                0x08000c80                MDIOS_IRQHandler
                0x08000c80                I2C4_EV_IRQHandler
                0x08000c80                CAN3_TX_IRQHandler
                0x08000c80                TIM2_IRQHandler
                0x08000c80                OTG_FS_WKUP_IRQHandler
                0x08000c80                TIM1_TRG_COM_TIM11_IRQHandler
                0x08000c80                OTG_HS_IRQHandler
                0x08000c80                DMA2D_IRQHandler
                0x08000c80                EXTI1_IRQHandler
                0x08000c80                SDMMC2_IRQHandler
                0x08000c80                UART7_IRQHandler
                0x08000c80                USART2_IRQHandler
                0x08000c80                DFSDM1_FLT0_IRQHandler
                0x08000c80                I2C2_ER_IRQHandler
                0x08000c80                DMA2_Stream1_IRQHandler
                0x08000c80                CAN1_SCE_IRQHandler
                0x08000c80                FLASH_IRQHandler
                0x08000c80                DMA2_Stream4_IRQHandler
                0x08000c80                USART1_IRQHandler
                0x08000c80                OTG_FS_IRQHandler
                0x08000c80                SPI3_IRQHandler
                0x08000c80                DMA1_Stream4_IRQHandler
                0x08000c80                I2C1_ER_IRQHandler
                0x08000c80                FMC_IRQHandler
                0x08000c80                LPTIM1_IRQHandler
                0x08000c80                I2C4_ER_IRQHandler
                0x08000c80                DMA2_Stream6_IRQHandler
                0x08000c80                SAI1_IRQHandler
                0x08000c80                DMA1_Stream3_IRQHandler
 .text.HAL_Init
                0x08000c82       0x1a ./Drivers/STM32F7xx_HAL_Driver/Src/stm32f7xx_hal.o
                0x08000c82                HAL_Init
 .text.HAL_InitTick
                0x08000c9c       0x60 ./Drivers/STM32F7xx_HAL_Driver/Src/stm32f7xx_hal.o
                0x08000c9c                HAL_InitTick
 .text.HAL_IncTick
                0x08000cfc       0x28 ./Drivers/STM32F7xx_HAL_Driver/Src/stm32f7xx_hal.o
                0x08000cfc                HAL_IncTick
 .text.HAL_GetTick
                0x08000d24       0x18 ./Drivers/STM32F7xx_HAL_Driver/Src/stm32f7xx_hal.o
                0x08000d24                HAL_GetTick
 .text.HAL_Delay
                0x08000d3c       0x48 ./Drivers/STM32F7xx_HAL_Driver/Src/stm32f7xx_hal.o
                0x08000d3c                HAL_Delay
 .text.__NVIC_SetPriorityGrouping
                0x08000d84       0x48 ./Drivers/STM32F7xx_HAL_Driver/Src/stm32f7xx_hal_cortex.o
 .text.__NVIC_GetPriorityGrouping
                0x08000dcc       0x1c ./Drivers/STM32F7xx_HAL_Driver/Src/stm32f7xx_hal_cortex.o
 .text.__NVIC_EnableIRQ
                0x08000de8       0x3c ./Drivers/STM32F7xx_HAL_Driver/Src/stm32f7xx_hal_cortex.o
 .text.__NVIC_SetPriority
                0x08000e24       0x54 ./Drivers/STM32F7xx_HAL_Driver/Src/stm32f7xx_hal_cortex.o
 .text.NVIC_EncodePriority
                0x08000e78       0x66 ./Drivers/STM32F7xx_HAL_Driver/Src/stm32f7xx_hal_cortex.o
 *fill*         0x08000ede        0x2 
 .text.SysTick_Config
                0x08000ee0       0x44 ./Drivers/STM32F7xx_HAL_Driver/Src/stm32f7xx_hal_cortex.o
 .text.HAL_NVIC_SetPriorityGrouping
                0x08000f24       0x16 ./Drivers/STM32F7xx_HAL_Driver/Src/stm32f7xx_hal_cortex.o
                0x08000f24                HAL_NVIC_SetPriorityGrouping
 .text.HAL_NVIC_SetPriority
                0x08000f3a       0x38 ./Drivers/STM32F7xx_HAL_Driver/Src/stm32f7xx_hal_cortex.o
                0x08000f3a                HAL_NVIC_SetPriority
 .text.HAL_NVIC_EnableIRQ
                0x08000f72       0x1c ./Drivers/STM32F7xx_HAL_Driver/Src/stm32f7xx_hal_cortex.o
                0x08000f72                HAL_NVIC_EnableIRQ
 .text.HAL_SYSTICK_Config
                0x08000f8e       0x18 ./Drivers/STM32F7xx_HAL_Driver/Src/stm32f7xx_hal_cortex.o
                0x08000f8e                HAL_SYSTICK_Config
 .text.HAL_DMA_Abort
                0x08000fa6       0xe0 ./Drivers/STM32F7xx_HAL_Driver/Src/stm32f7xx_hal_dma.o
                0x08000fa6                HAL_DMA_Abort
 .text.HAL_DMA_Abort_IT
                0x08001086       0x44 ./Drivers/STM32F7xx_HAL_Driver/Src/stm32f7xx_hal_dma.o
                0x08001086                HAL_DMA_Abort_IT
 *fill*         0x080010ca        0x2 
 .text.HAL_GPIO_Init
                0x080010cc      0x358 ./Drivers/STM32F7xx_HAL_Driver/Src/stm32f7xx_hal_gpio.o
                0x080010cc                HAL_GPIO_Init
 .text.HAL_GPIO_WritePin
                0x08001424       0x32 ./Drivers/STM32F7xx_HAL_Driver/Src/stm32f7xx_hal_gpio.o
                0x08001424                HAL_GPIO_WritePin
 *fill*         0x08001456        0x2 
 .text.HAL_PWR_EnableBkUpAccess
                0x08001458       0x20 ./Drivers/STM32F7xx_HAL_Driver/Src/stm32f7xx_hal_pwr.o
                0x08001458                HAL_PWR_EnableBkUpAccess
 .text.HAL_PWREx_EnableOverDrive
                0x08001478       0xa0 ./Drivers/STM32F7xx_HAL_Driver/Src/stm32f7xx_hal_pwr_ex.o
                0x08001478                HAL_PWREx_EnableOverDrive
 .text.HAL_RCC_OscConfig
                0x08001518      0x55c ./Drivers/STM32F7xx_HAL_Driver/Src/stm32f7xx_hal_rcc.o
                0x08001518                HAL_RCC_OscConfig
 .text.HAL_RCC_ClockConfig
                0x08001a74      0x1d8 ./Drivers/STM32F7xx_HAL_Driver/Src/stm32f7xx_hal_rcc.o
                0x08001a74                HAL_RCC_ClockConfig
 .text.HAL_RCC_GetSysClockFreq
                0x08001c4c      0x20c ./Drivers/STM32F7xx_HAL_Driver/Src/stm32f7xx_hal_rcc.o
                0x08001c4c                HAL_RCC_GetSysClockFreq
 .text.HAL_RCC_GetHCLKFreq
                0x08001e58       0x18 ./Drivers/STM32F7xx_HAL_Driver/Src/stm32f7xx_hal_rcc.o
                0x08001e58                HAL_RCC_GetHCLKFreq
 .text.HAL_RCC_GetPCLK1Freq
                0x08001e70       0x28 ./Drivers/STM32F7xx_HAL_Driver/Src/stm32f7xx_hal_rcc.o
                0x08001e70                HAL_RCC_GetPCLK1Freq
 .text.HAL_RCC_GetPCLK2Freq
                0x08001e98       0x28 ./Drivers/STM32F7xx_HAL_Driver/Src/stm32f7xx_hal_rcc.o
                0x08001e98                HAL_RCC_GetPCLK2Freq
 .text.HAL_RCCEx_PeriphCLKConfig
                0x08001ec0      0x850 ./Drivers/STM32F7xx_HAL_Driver/Src/stm32f7xx_hal_rcc_ex.o
                0x08001ec0                HAL_RCCEx_PeriphCLKConfig
 .text.HAL_UART_Init
                0x08002710       0x9c ./Drivers/STM32F7xx_HAL_Driver/Src/stm32f7xx_hal_uart.o
                0x08002710                HAL_UART_Init
 .text.HAL_UART_Transmit
                0x080027ac      0x112 ./Drivers/STM32F7xx_HAL_Driver/Src/stm32f7xx_hal_uart.o
                0x080027ac                HAL_UART_Transmit
 .text.HAL_UART_Receive_IT
                0x080028be       0x88 ./Drivers/STM32F7xx_HAL_Driver/Src/stm32f7xx_hal_uart.o
                0x080028be                HAL_UART_Receive_IT
 *fill*         0x08002946        0x2 
 .text.HAL_UART_IRQHandler
                0x08002948      0x604 ./Drivers/STM32F7xx_HAL_Driver/Src/stm32f7xx_hal_uart.o
                0x08002948                HAL_UART_IRQHandler
 .text.HAL_UART_TxCpltCallback
                0x08002f4c       0x14 ./Drivers/STM32F7xx_HAL_Driver/Src/stm32f7xx_hal_uart.o
                0x08002f4c                HAL_UART_TxCpltCallback
 .text.HAL_UART_ErrorCallback
                0x08002f60       0x14 ./Drivers/STM32F7xx_HAL_Driver/Src/stm32f7xx_hal_uart.o
                0x08002f60                HAL_UART_ErrorCallback
 .text.HAL_UARTEx_RxEventCallback
                0x08002f74       0x18 ./Drivers/STM32F7xx_HAL_Driver/Src/stm32f7xx_hal_uart.o
                0x08002f74                HAL_UARTEx_RxEventCallback
 .text.HAL_UARTEx_WakeupCallback
                0x08002f8c       0x14 ./Drivers/STM32F7xx_HAL_Driver/Src/stm32f7xx_hal_uart.o
                0x08002f8c                HAL_UARTEx_WakeupCallback
 .text.UART_SetConfig
                0x08002fa0      0x4c8 ./Drivers/STM32F7xx_HAL_Driver/Src/stm32f7xx_hal_uart.o
                0x08002fa0                UART_SetConfig
 .text.UART_AdvFeatureConfig
                0x08003468      0x144 ./Drivers/STM32F7xx_HAL_Driver/Src/stm32f7xx_hal_uart.o
                0x08003468                UART_AdvFeatureConfig
 .text.UART_CheckIdleState
                0x080035ac      0x150 ./Drivers/STM32F7xx_HAL_Driver/Src/stm32f7xx_hal_uart.o
                0x080035ac                UART_CheckIdleState
 .text.UART_WaitOnFlagUntilTimeout
                0x080036fc       0xda ./Drivers/STM32F7xx_HAL_Driver/Src/stm32f7xx_hal_uart.o
                0x080036fc                UART_WaitOnFlagUntilTimeout
 *fill*         0x080037d6        0x2 
 .text.UART_Start_Receive_IT
                0x080037d8      0x18c ./Drivers/STM32F7xx_HAL_Driver/Src/stm32f7xx_hal_uart.o
                0x080037d8                UART_Start_Receive_IT
 .text.UART_EndRxTransfer
                0x08003964       0xc8 ./Drivers/STM32F7xx_HAL_Driver/Src/stm32f7xx_hal_uart.o
 .text.UART_DMAAbortOnError
                0x08003a2c       0x24 ./Drivers/STM32F7xx_HAL_Driver/Src/stm32f7xx_hal_uart.o
 .text.UART_EndTransmit_IT
                0x08003a50       0x54 ./Drivers/STM32F7xx_HAL_Driver/Src/stm32f7xx_hal_uart.o
 .text.UART_RxISR_8BIT
                0x08003aa4      0x1a8 ./Drivers/STM32F7xx_HAL_Driver/Src/stm32f7xx_hal_uart.o
 .text.UART_RxISR_16BIT
                0x08003c4c      0x1a8 ./Drivers/STM32F7xx_HAL_Driver/Src/stm32f7xx_hal_uart.o
 .text.memset   0x08003df4       0x10 C:/ST/STM32CubeIDE_1.19.0/STM32CubeIDE/plugins/com.st.stm32cube.ide.mcu.externaltools.gnu-tools-for-stm32.13.3.rel1.win32_1.0.0.202411081344/tools/bin/../lib/gcc/arm-none-eabi/13.3.1/../../../../arm-none-eabi/lib/thumb/v7e-m+dp/hard\libc_nano.a(libc_a-memset.o)
                0x08003df4                memset
 .text.strchr   0x08003e04       0x1a C:/ST/STM32CubeIDE_1.19.0/STM32CubeIDE/plugins/com.st.stm32cube.ide.mcu.externaltools.gnu-tools-for-stm32.13.3.rel1.win32_1.0.0.202411081344/tools/bin/../lib/gcc/arm-none-eabi/13.3.1/../../../../arm-none-eabi/lib/thumb/v7e-m+dp/hard\libc_nano.a(libc_a-strchr.o)
                0x08003e04                strchr
 *fill*         0x08003e1e        0x2 
 .text.__libc_init_array
                0x08003e20       0x48 C:/ST/STM32CubeIDE_1.19.0/STM32CubeIDE/plugins/com.st.stm32cube.ide.mcu.externaltools.gnu-tools-for-stm32.13.3.rel1.win32_1.0.0.202411081344/tools/bin/../lib/gcc/arm-none-eabi/13.3.1/../../../../arm-none-eabi/lib/thumb/v7e-m+dp/hard\libc_nano.a(libc_a-init.o)
                0x08003e20                __libc_init_array
 *(.glue_7)
 .glue_7        0x08003e68        0x0 linker stubs
 *(.glue_7t)
 .glue_7t       0x08003e68        0x0 linker stubs
 *(.eh_frame)
 .eh_frame      0x08003e68        0x0 C:/ST/STM32CubeIDE_1.19.0/STM32CubeIDE/plugins/com.st.stm32cube.ide.mcu.externaltools.gnu-tools-for-stm32.13.3.rel1.win32_1.0.0.202411081344/tools/bin/../lib/gcc/arm-none-eabi/13.3.1/thumb/v7e-m+dp/hard/crtbegin.o
 *(.init)
 .init          0x08003e68        0x4 C:/ST/STM32CubeIDE_1.19.0/STM32CubeIDE/plugins/com.st.stm32cube.ide.mcu.externaltools.gnu-tools-for-stm32.13.3.rel1.win32_1.0.0.202411081344/tools/bin/../lib/gcc/arm-none-eabi/13.3.1/thumb/v7e-m+dp/hard/crti.o
                0x08003e68                _init
 .init          0x08003e6c        0x8 C:/ST/STM32CubeIDE_1.19.0/STM32CubeIDE/plugins/com.st.stm32cube.ide.mcu.externaltools.gnu-tools-for-stm32.13.3.rel1.win32_1.0.0.202411081344/tools/bin/../lib/gcc/arm-none-eabi/13.3.1/thumb/v7e-m+dp/hard/crtn.o
 *(.fini)
 .fini          0x08003e74        0x4 C:/ST/STM32CubeIDE_1.19.0/STM32CubeIDE/plugins/com.st.stm32cube.ide.mcu.externaltools.gnu-tools-for-stm32.13.3.rel1.win32_1.0.0.202411081344/tools/bin/../lib/gcc/arm-none-eabi/13.3.1/thumb/v7e-m+dp/hard/crti.o
                0x08003e74                _fini
 .fini          0x08003e78        0x8 C:/ST/STM32CubeIDE_1.19.0/STM32CubeIDE/plugins/com.st.stm32cube.ide.mcu.externaltools.gnu-tools-for-stm32.13.3.rel1.win32_1.0.0.202411081344/tools/bin/../lib/gcc/arm-none-eabi/13.3.1/thumb/v7e-m+dp/hard/crtn.o
                0x08003e80                        . = ALIGN (0x4)
                0x08003e80                        _etext = .

.vfp11_veneer   0x08003e80        0x0
 .vfp11_veneer  0x08003e80        0x0 linker stubs

.v4_bx          0x08003e80        0x0
 .v4_bx         0x08003e80        0x0 linker stubs

.iplt           0x08003e80        0x0
 .iplt          0x08003e80        0x0 C:/ST/STM32CubeIDE_1.19.0/STM32CubeIDE/plugins/com.st.stm32cube.ide.mcu.externaltools.gnu-tools-for-stm32.13.3.rel1.win32_1.0.0.202411081344/tools/bin/../lib/gcc/arm-none-eabi/13.3.1/thumb/v7e-m+dp/hard/crtbegin.o

.rodata         0x08003e80       0x88
                0x08003e80                        . = ALIGN (0x4)
 *(.rodata)
 .rodata        0x08003e80       0x6d ./Core/Src/UartMessageHandler.o
 *(.rodata*)
 *fill*         0x08003eed        0x3 
 .rodata.AHBPrescTable
                0x08003ef0       0x10 ./Core/Src/system_stm32f7xx.o
                0x08003ef0                AHBPrescTable
 .rodata.APBPrescTable
                0x08003f00        0x8 ./Core/Src/system_stm32f7xx.o
                0x08003f00                APBPrescTable
                0x08003f08                        . = ALIGN (0x4)

.ARM.extab      0x08003f08        0x0
                0x08003f08                        . = ALIGN (0x4)
 *(.ARM.extab* .gnu.linkonce.armextab.*)
                0x08003f08                        . = ALIGN (0x4)

.ARM            0x08003f08        0x8
                0x08003f08                        . = ALIGN (0x4)
                0x08003f08                        __exidx_start = .
 *(.ARM.exidx*)
 .ARM.exidx     0x08003f08        0x8 C:/ST/STM32CubeIDE_1.19.0/STM32CubeIDE/plugins/com.st.stm32cube.ide.mcu.externaltools.gnu-tools-for-stm32.13.3.rel1.win32_1.0.0.202411081344/tools/bin/../lib/gcc/arm-none-eabi/13.3.1/../../../../arm-none-eabi/lib/thumb/v7e-m+dp/hard\libc_nano.a(libc_a-strlen.o)
 .ARM.exidx     0x08003f10        0x0 C:/ST/STM32CubeIDE_1.19.0/STM32CubeIDE/plugins/com.st.stm32cube.ide.mcu.externaltools.gnu-tools-for-stm32.13.3.rel1.win32_1.0.0.202411081344/tools/bin/../lib/gcc/arm-none-eabi/13.3.1/thumb/v7e-m+dp/hard\libgcc.a(_udivmoddi4.o)
                                  0x8 (size before relaxing)
                0x08003f10                        __exidx_end = .
                0x08003f10                        . = ALIGN (0x4)

.preinit_array  0x08003f10        0x0
                0x08003f10                        . = ALIGN (0x4)
                0x08003f10                        PROVIDE (__preinit_array_start = .)
 *(.preinit_array*)
                0x08003f10                        PROVIDE (__preinit_array_end = .)
                0x08003f10                        . = ALIGN (0x4)

.init_array     0x08003f10        0x8
                0x08003f10                        . = ALIGN (0x4)
                0x08003f10                        PROVIDE (__init_array_start = .)
 *(SORT_BY_NAME(.init_array.*))
 *(.init_array*)
 .init_array    0x08003f10        0x4 C:/ST/STM32CubeIDE_1.19.0/STM32CubeIDE/plugins/com.st.stm32cube.ide.mcu.externaltools.gnu-tools-for-stm32.13.3.rel1.win32_1.0.0.202411081344/tools/bin/../lib/gcc/arm-none-eabi/13.3.1/thumb/v7e-m+dp/hard/crtbegin.o
 .init_array    0x08003f14        0x4 ./Core/Src/main.o
                0x08003f18                        PROVIDE (__init_array_end = .)
                0x08003f18                        . = ALIGN (0x4)

.fini_array     0x08003f18        0x4
                0x08003f18                        . = ALIGN (0x4)
                [!provide]                        PROVIDE (__fini_array_start = .)
 *(SORT_BY_NAME(.fini_array.*))
 *(.fini_array*)
 .fini_array    0x08003f18        0x4 C:/ST/STM32CubeIDE_1.19.0/STM32CubeIDE/plugins/com.st.stm32cube.ide.mcu.externaltools.gnu-tools-for-stm32.13.3.rel1.win32_1.0.0.202411081344/tools/bin/../lib/gcc/arm-none-eabi/13.3.1/thumb/v7e-m+dp/hard/crtbegin.o
                [!provide]                        PROVIDE (__fini_array_end = .)
                0x08003f1c                        . = ALIGN (0x4)
                0x08003f1c                        _sidata = LOADADDR (.data)

.rel.dyn        0x08003f1c        0x0
 .rel.iplt      0x08003f1c        0x0 C:/ST/STM32CubeIDE_1.19.0/STM32CubeIDE/plugins/com.st.stm32cube.ide.mcu.externaltools.gnu-tools-for-stm32.13.3.rel1.win32_1.0.0.202411081344/tools/bin/../lib/gcc/arm-none-eabi/13.3.1/thumb/v7e-m+dp/hard/crtbegin.o

.data           0x20000000       0x14 load address 0x08003f1c
                0x20000000                        . = ALIGN (0x4)
                0x20000000                        _sdata = .
 *(.data)
 *(.data*)
 .data.conditionListPin
                0x20000000        0x3 ./Core/Src/UartMessageHandler.o
                0x20000000                conditionListPin
 *fill*         0x20000003        0x1 
 .data.conditionListState
                0x20000004        0x2 ./Core/Src/UartMessageHandler.o
                0x20000004                conditionListState
 *fill*         0x20000006        0x2 
 .data.SystemCoreClock
                0x20000008        0x4 ./Core/Src/system_stm32f7xx.o
                0x20000008                SystemCoreClock
 .data.uwTickPrio
                0x2000000c        0x4 ./Drivers/STM32F7xx_HAL_Driver/Src/stm32f7xx_hal.o
                0x2000000c                uwTickPrio
 .data.uwTickFreq
                0x20000010        0x1 ./Drivers/STM32F7xx_HAL_Driver/Src/stm32f7xx_hal.o
                0x20000010                uwTickFreq
 *(.RamFunc)
 *(.RamFunc*)
                0x20000014                        . = ALIGN (0x4)
 *fill*         0x20000011        0x3 
                0x20000014                        _edata = .

.igot.plt       0x20000014        0x0 load address 0x08003f30
 .igot.plt      0x20000014        0x0 C:/ST/STM32CubeIDE_1.19.0/STM32CubeIDE/plugins/com.st.stm32cube.ide.mcu.externaltools.gnu-tools-for-stm32.13.3.rel1.win32_1.0.0.202411081344/tools/bin/../lib/gcc/arm-none-eabi/13.3.1/thumb/v7e-m+dp/hard/crtbegin.o
                0x20000014                        . = ALIGN (0x4)

.bss            0x20000014      0x1b4 load address 0x08003f30
                0x20000014                        _sbss = .
                0x20000014                        __bss_start__ = _sbss
 *(.bss)
 .bss           0x20000014       0x1c C:/ST/STM32CubeIDE_1.19.0/STM32CubeIDE/plugins/com.st.stm32cube.ide.mcu.externaltools.gnu-tools-for-stm32.13.3.rel1.win32_1.0.0.202411081344/tools/bin/../lib/gcc/arm-none-eabi/13.3.1/thumb/v7e-m+dp/hard/crtbegin.o
 *(.bss*)
 .bss.uartHandler
                0x20000030      0x108 ./Core/Src/main.o
                0x20000030                uartHandler
 .bss.huart3    0x20000138       0x88 ./Core/Src/main_hal.o
                0x20000138                huart3
 .bss.rx_byte   0x200001c0        0x1 ./Core/Src/main_hal.o
                0x200001c0                rx_byte
 *fill*         0x200001c1        0x3 
 .bss.uwTick    0x200001c4        0x4 ./Drivers/STM32F7xx_HAL_Driver/Src/stm32f7xx_hal.o
                0x200001c4                uwTick
 *(COMMON)
                0x200001c8                        . = ALIGN (0x4)
                0x200001c8                        _ebss = .
                0x200001c8                        __bss_end__ = _ebss

._user_heap_stack
                0x200001c8      0x600 load address 0x08003f30
                0x200001c8                        . = ALIGN (0x8)
                [!provide]                        PROVIDE (end = .)
                0x200001c8                        PROVIDE (_end = .)
                0x200003c8                        . = (. + _Min_Heap_Size)
 *fill*         0x200001c8      0x200 
                0x200007c8                        . = (. + _Min_Stack_Size)
 *fill*         0x200003c8      0x400 
                0x200007c8                        . = ALIGN (0x8)

/DISCARD/
 libc.a(*)
 libm.a(*)
 libgcc.a(*)

.ARM.attributes
                0x00000000       0x2e
 *(.ARM.attributes)
 .ARM.attributes
                0x00000000       0x20 C:/ST/STM32CubeIDE_1.19.0/STM32CubeIDE/plugins/com.st.stm32cube.ide.mcu.externaltools.gnu-tools-for-stm32.13.3.rel1.win32_1.0.0.202411081344/tools/bin/../lib/gcc/arm-none-eabi/13.3.1/thumb/v7e-m+dp/hard/crti.o
 .ARM.attributes
                0x00000020       0x32 C:/ST/STM32CubeIDE_1.19.0/STM32CubeIDE/plugins/com.st.stm32cube.ide.mcu.externaltools.gnu-tools-for-stm32.13.3.rel1.win32_1.0.0.202411081344/tools/bin/../lib/gcc/arm-none-eabi/13.3.1/thumb/v7e-m+dp/hard/crtbegin.o
 .ARM.attributes
                0x00000052       0x32 ./Core/Src/UartMessageHandler.o
 .ARM.attributes
                0x00000084       0x32 ./Core/Src/main.o
 .ARM.attributes
                0x000000b6       0x32 ./Core/Src/main_hal.o
 .ARM.attributes
                0x000000e8       0x32 ./Core/Src/stm32f7xx_hal_msp.o
 .ARM.attributes
                0x0000011a       0x32 ./Core/Src/stm32f7xx_it.o
 .ARM.attributes
                0x0000014c       0x32 ./Core/Src/system_stm32f7xx.o
 .ARM.attributes
                0x0000017e       0x21 ./Core/Startup/startup_stm32f767zitx.o
 .ARM.attributes
                0x0000019f       0x32 ./Drivers/STM32F7xx_HAL_Driver/Src/stm32f7xx_hal.o
 .ARM.attributes
                0x000001d1       0x32 ./Drivers/STM32F7xx_HAL_Driver/Src/stm32f7xx_hal_cortex.o
 .ARM.attributes
                0x00000203       0x32 ./Drivers/STM32F7xx_HAL_Driver/Src/stm32f7xx_hal_dma.o
 .ARM.attributes
                0x00000235       0x32 ./Drivers/STM32F7xx_HAL_Driver/Src/stm32f7xx_hal_gpio.o
 .ARM.attributes
                0x00000267       0x32 ./Drivers/STM32F7xx_HAL_Driver/Src/stm32f7xx_hal_pwr.o
 .ARM.attributes
                0x00000299       0x32 ./Drivers/STM32F7xx_HAL_Driver/Src/stm32f7xx_hal_pwr_ex.o
 .ARM.attributes
                0x000002cb       0x32 ./Drivers/STM32F7xx_HAL_Driver/Src/stm32f7xx_hal_rcc.o
 .ARM.attributes
                0x000002fd       0x32 ./Drivers/STM32F7xx_HAL_Driver/Src/stm32f7xx_hal_rcc_ex.o
 .ARM.attributes
                0x0000032f       0x32 ./Drivers/STM32F7xx_HAL_Driver/Src/stm32f7xx_hal_uart.o
 .ARM.attributes
                0x00000361       0x32 C:/ST/STM32CubeIDE_1.19.0/STM32CubeIDE/plugins/com.st.stm32cube.ide.mcu.externaltools.gnu-tools-for-stm32.13.3.rel1.win32_1.0.0.202411081344/tools/bin/../lib/gcc/arm-none-eabi/13.3.1/../../../../arm-none-eabi/lib/thumb/v7e-m+dp/hard\libc_nano.a(libc_a-memset.o)
 .ARM.attributes
                0x00000393       0x32 C:/ST/STM32CubeIDE_1.19.0/STM32CubeIDE/plugins/com.st.stm32cube.ide.mcu.externaltools.gnu-tools-for-stm32.13.3.rel1.win32_1.0.0.202411081344/tools/bin/../lib/gcc/arm-none-eabi/13.3.1/../../../../arm-none-eabi/lib/thumb/v7e-m+dp/hard\libc_nano.a(libc_a-strchr.o)
 .ARM.attributes
                0x000003c5       0x32 C:/ST/STM32CubeIDE_1.19.0/STM32CubeIDE/plugins/com.st.stm32cube.ide.mcu.externaltools.gnu-tools-for-stm32.13.3.rel1.win32_1.0.0.202411081344/tools/bin/../lib/gcc/arm-none-eabi/13.3.1/../../../../arm-none-eabi/lib/thumb/v7e-m+dp/hard\libc_nano.a(libc_a-init.o)
 .ARM.attributes
                0x000003f7       0x17 C:/ST/STM32CubeIDE_1.19.0/STM32CubeIDE/plugins/com.st.stm32cube.ide.mcu.externaltools.gnu-tools-for-stm32.13.3.rel1.win32_1.0.0.202411081344/tools/bin/../lib/gcc/arm-none-eabi/13.3.1/../../../../arm-none-eabi/lib/thumb/v7e-m+dp/hard\libc_nano.a(libc_a-strlen.o)
 .ARM.attributes
                0x0000040e       0x20 C:/ST/STM32CubeIDE_1.19.0/STM32CubeIDE/plugins/com.st.stm32cube.ide.mcu.externaltools.gnu-tools-for-stm32.13.3.rel1.win32_1.0.0.202411081344/tools/bin/../lib/gcc/arm-none-eabi/13.3.1/thumb/v7e-m+dp/hard\libgcc.a(_aeabi_uldivmod.o)
 .ARM.attributes
                0x0000042e       0x32 C:/ST/STM32CubeIDE_1.19.0/STM32CubeIDE/plugins/com.st.stm32cube.ide.mcu.externaltools.gnu-tools-for-stm32.13.3.rel1.win32_1.0.0.202411081344/tools/bin/../lib/gcc/arm-none-eabi/13.3.1/thumb/v7e-m+dp/hard\libgcc.a(_udivmoddi4.o)
 .ARM.attributes
                0x00000460       0x20 C:/ST/STM32CubeIDE_1.19.0/STM32CubeIDE/plugins/com.st.stm32cube.ide.mcu.externaltools.gnu-tools-for-stm32.13.3.rel1.win32_1.0.0.202411081344/tools/bin/../lib/gcc/arm-none-eabi/13.3.1/thumb/v7e-m+dp/hard\libgcc.a(_dvmd_tls.o)
 .ARM.attributes
                0x00000480       0x20 C:/ST/STM32CubeIDE_1.19.0/STM32CubeIDE/plugins/com.st.stm32cube.ide.mcu.externaltools.gnu-tools-for-stm32.13.3.rel1.win32_1.0.0.202411081344/tools/bin/../lib/gcc/arm-none-eabi/13.3.1/thumb/v7e-m+dp/hard/crtn.o
OUTPUT(LAB_02_cpp.elf elf32-littlearm)
LOAD linker stubs
LOAD C:/ST/STM32CubeIDE_1.19.0/STM32CubeIDE/plugins/com.st.stm32cube.ide.mcu.externaltools.gnu-tools-for-stm32.13.3.rel1.win32_1.0.0.202411081344/tools/bin/../lib/gcc/arm-none-eabi/13.3.1/../../../../arm-none-eabi/lib/thumb/v7e-m+dp/hard\libc.a
LOAD C:/ST/STM32CubeIDE_1.19.0/STM32CubeIDE/plugins/com.st.stm32cube.ide.mcu.externaltools.gnu-tools-for-stm32.13.3.rel1.win32_1.0.0.202411081344/tools/bin/../lib/gcc/arm-none-eabi/13.3.1/../../../../arm-none-eabi/lib/thumb/v7e-m+dp/hard\libm.a
LOAD C:/ST/STM32CubeIDE_1.19.0/STM32CubeIDE/plugins/com.st.stm32cube.ide.mcu.externaltools.gnu-tools-for-stm32.13.3.rel1.win32_1.0.0.202411081344/tools/bin/../lib/gcc/arm-none-eabi/13.3.1/thumb/v7e-m+dp/hard\libgcc.a

.debug_info     0x00000000    0x127cf
 .debug_info    0x00000000     0x4d05 ./Core/Src/UartMessageHandler.o
 .debug_info    0x00004d05      0x925 ./Core/Src/main.o
 .debug_info    0x0000562a     0x1dc0 ./Core/Src/main_hal.o
 .debug_info    0x000073ea     0x1eaa ./Core/Src/stm32f7xx_hal_msp.o
 .debug_info    0x00009294      0x71e ./Core/Src/stm32f7xx_it.o
 .debug_info    0x000099b2      0x6ed ./Core/Src/system_stm32f7xx.o
 .debug_info    0x0000a09f       0x30 ./Core/Startup/startup_stm32f767zitx.o
 .debug_info    0x0000a0cf      0xa4c ./Drivers/STM32F7xx_HAL_Driver/Src/stm32f7xx_hal.o
 .debug_info    0x0000ab1b      0xfc0 ./Drivers/STM32F7xx_HAL_Driver/Src/stm32f7xx_hal_cortex.o
 .debug_info    0x0000badb      0x8e7 ./Drivers/STM32F7xx_HAL_Driver/Src/stm32f7xx_hal_dma.o
 .debug_info    0x0000c3c2      0x6f3 ./Drivers/STM32F7xx_HAL_Driver/Src/stm32f7xx_hal_gpio.o
 .debug_info    0x0000cab5      0x90e ./Drivers/STM32F7xx_HAL_Driver/Src/stm32f7xx_hal_pwr.o
 .debug_info    0x0000d3c3      0x8cd ./Drivers/STM32F7xx_HAL_Driver/Src/stm32f7xx_hal_pwr_ex.o
 .debug_info    0x0000dc90      0x94b ./Drivers/STM32F7xx_HAL_Driver/Src/stm32f7xx_hal_rcc.o
 .debug_info    0x0000e5db      0x6e1 ./Drivers/STM32F7xx_HAL_Driver/Src/stm32f7xx_hal_rcc_ex.o
 .debug_info    0x0000ecbc     0x3b13 ./Drivers/STM32F7xx_HAL_Driver/Src/stm32f7xx_hal_uart.o

.debug_abbrev   0x00000000     0x26a8
 .debug_abbrev  0x00000000      0x705 ./Core/Src/UartMessageHandler.o
 .debug_abbrev  0x00000705      0x29f ./Core/Src/main.o
 .debug_abbrev  0x000009a4      0x305 ./Core/Src/main_hal.o
 .debug_abbrev  0x00000ca9      0x29c ./Core/Src/stm32f7xx_hal_msp.o
 .debug_abbrev  0x00000f45      0x174 ./Core/Src/stm32f7xx_it.o
 .debug_abbrev  0x000010b9      0x13b ./Core/Src/system_stm32f7xx.o
 .debug_abbrev  0x000011f4       0x24 ./Core/Startup/startup_stm32f767zitx.o
 .debug_abbrev  0x00001218      0x213 ./Drivers/STM32F7xx_HAL_Driver/Src/stm32f7xx_hal.o
 .debug_abbrev  0x0000142b      0x31e ./Drivers/STM32F7xx_HAL_Driver/Src/stm32f7xx_hal_cortex.o
 .debug_abbrev  0x00001749      0x264 ./Drivers/STM32F7xx_HAL_Driver/Src/stm32f7xx_hal_dma.o
 .debug_abbrev  0x000019ad      0x1d4 ./Drivers/STM32F7xx_HAL_Driver/Src/stm32f7xx_hal_gpio.o
 .debug_abbrev  0x00001b81      0x1c5 ./Drivers/STM32F7xx_HAL_Driver/Src/stm32f7xx_hal_pwr.o
 .debug_abbrev  0x00001d46      0x1d5 ./Drivers/STM32F7xx_HAL_Driver/Src/stm32f7xx_hal_pwr_ex.o
 .debug_abbrev  0x00001f1b      0x2de ./Drivers/STM32F7xx_HAL_Driver/Src/stm32f7xx_hal_rcc.o
 .debug_abbrev  0x000021f9      0x1c9 ./Drivers/STM32F7xx_HAL_Driver/Src/stm32f7xx_hal_rcc_ex.o
 .debug_abbrev  0x000023c2      0x2e6 ./Drivers/STM32F7xx_HAL_Driver/Src/stm32f7xx_hal_uart.o

.debug_aranges  0x00000000      0x910
 .debug_aranges
                0x00000000       0x38 ./Core/Src/UartMessageHandler.o
 .debug_aranges
                0x00000038       0x38 ./Core/Src/main.o
 .debug_aranges
                0x00000070       0x50 ./Core/Src/main_hal.o
 .debug_aranges
                0x000000c0       0x50 ./Core/Src/stm32f7xx_hal_msp.o
 .debug_aranges
                0x00000110       0x68 ./Core/Src/stm32f7xx_it.o
 .debug_aranges
                0x00000178       0x28 ./Core/Src/system_stm32f7xx.o
 .debug_aranges
                0x000001a0       0x28 ./Core/Startup/startup_stm32f767zitx.o
 .debug_aranges
                0x000001c8      0x110 ./Drivers/STM32F7xx_HAL_Driver/Src/stm32f7xx_hal.o
 .debug_aranges
                0x000002d8      0x128 ./Drivers/STM32F7xx_HAL_Driver/Src/stm32f7xx_hal_cortex.o
 .debug_aranges
                0x00000400       0x90 ./Drivers/STM32F7xx_HAL_Driver/Src/stm32f7xx_hal_dma.o
 .debug_aranges
                0x00000490       0x58 ./Drivers/STM32F7xx_HAL_Driver/Src/stm32f7xx_hal_gpio.o
 .debug_aranges
                0x000004e8       0xa0 ./Drivers/STM32F7xx_HAL_Driver/Src/stm32f7xx_hal_pwr.o
 .debug_aranges
                0x00000588       0x80 ./Drivers/STM32F7xx_HAL_Driver/Src/stm32f7xx_hal_pwr_ex.o
 .debug_aranges
                0x00000608       0x88 ./Drivers/STM32F7xx_HAL_Driver/Src/stm32f7xx_hal_rcc.o
 .debug_aranges
                0x00000690       0x50 ./Drivers/STM32F7xx_HAL_Driver/Src/stm32f7xx_hal_rcc_ex.o
 .debug_aranges
                0x000006e0      0x230 ./Drivers/STM32F7xx_HAL_Driver/Src/stm32f7xx_hal_uart.o

.debug_rnglists
                0x00000000      0x6e1
 .debug_rnglists
                0x00000000       0x26 ./Core/Src/UartMessageHandler.o
 .debug_rnglists
                0x00000026       0x25 ./Core/Src/main.o
 .debug_rnglists
                0x0000004b       0x3a ./Core/Src/main_hal.o
 .debug_rnglists
                0x00000085       0x3a ./Core/Src/stm32f7xx_hal_msp.o
 .debug_rnglists
                0x000000bf       0x49 ./Core/Src/stm32f7xx_it.o
 .debug_rnglists
                0x00000108       0x1a ./Core/Src/system_stm32f7xx.o
 .debug_rnglists
                0x00000122       0x19 ./Core/Startup/startup_stm32f767zitx.o
 .debug_rnglists
                0x0000013b       0xc7 ./Drivers/STM32F7xx_HAL_Driver/Src/stm32f7xx_hal.o
 .debug_rnglists
                0x00000202       0xda ./Drivers/STM32F7xx_HAL_Driver/Src/stm32f7xx_hal_cortex.o
 .debug_rnglists
                0x000002dc       0x70 ./Drivers/STM32F7xx_HAL_Driver/Src/stm32f7xx_hal_dma.o
 .debug_rnglists
                0x0000034c       0x3f ./Drivers/STM32F7xx_HAL_Driver/Src/stm32f7xx_hal_gpio.o
 .debug_rnglists
                0x0000038b       0x74 ./Drivers/STM32F7xx_HAL_Driver/Src/stm32f7xx_hal_pwr.o
 .debug_rnglists
                0x000003ff       0x5f ./Drivers/STM32F7xx_HAL_Driver/Src/stm32f7xx_hal_pwr_ex.o
 .debug_rnglists
                0x0000045e       0x67 ./Drivers/STM32F7xx_HAL_Driver/Src/stm32f7xx_hal_rcc.o
 .debug_rnglists
                0x000004c5       0x3c ./Drivers/STM32F7xx_HAL_Driver/Src/stm32f7xx_hal_rcc_ex.o
 .debug_rnglists
                0x00000501      0x1e0 ./Drivers/STM32F7xx_HAL_Driver/Src/stm32f7xx_hal_uart.o

.debug_macro    0x00000000    0x2b9e6
 .debug_macro   0x00000000      0x65b ./Core/Src/UartMessageHandler.o
 .debug_macro   0x0000065b      0xbc8 ./Core/Src/UartMessageHandler.o
 .debug_macro   0x00001223      0x299 ./Core/Src/UartMessageHandler.o
 .debug_macro   0x000014bc       0x2e ./Core/Src/UartMessageHandler.o
 .debug_macro   0x000014ea       0x3b ./Core/Src/UartMessageHandler.o
 .debug_macro   0x00001525       0x1c ./Core/Src/UartMessageHandler.o
 .debug_macro   0x00001541       0x22 ./Core/Src/UartMessageHandler.o
 .debug_macro   0x00001563       0x8e ./Core/Src/UartMessageHandler.o
 .debug_macro   0x000015f1       0x51 ./Core/Src/UartMessageHandler.o
 .debug_macro   0x00001642      0x103 ./Core/Src/UartMessageHandler.o
 .debug_macro   0x00001745       0x6a ./Core/Src/UartMessageHandler.o
 .debug_macro   0x000017af      0x1df ./Core/Src/UartMessageHandler.o
 .debug_macro   0x0000198e       0x1c ./Core/Src/UartMessageHandler.o
 .debug_macro   0x000019aa       0x22 ./Core/Src/UartMessageHandler.o
 .debug_macro   0x000019cc       0xd9 ./Core/Src/UartMessageHandler.o
 .debug_macro   0x00001aa5     0x12cd ./Core/Src/UartMessageHandler.o
 .debug_macro   0x00002d72      0x11f ./Core/Src/UartMessageHandler.o
 .debug_macro   0x00002e91       0x19 ./Core/Src/UartMessageHandler.o
 .debug_macro   0x00002eaa    0x1aa23 ./Core/Src/UartMessageHandler.o
 .debug_macro   0x0001d8cd       0x6d ./Core/Src/UartMessageHandler.o
 .debug_macro   0x0001d93a     0x375e ./Core/Src/UartMessageHandler.o
 .debug_macro   0x00021098      0x197 ./Core/Src/UartMessageHandler.o
 .debug_macro   0x0002122f       0x63 ./Core/Src/UartMessageHandler.o
 .debug_macro   0x00021292     0x1add ./Core/Src/UartMessageHandler.o
 .debug_macro   0x00022d6f      0x6c4 ./Core/Src/UartMessageHandler.o
 .debug_macro   0x00023433      0x18b ./Core/Src/UartMessageHandler.o
 .debug_macro   0x000235be      0x115 ./Core/Src/UartMessageHandler.o
 .debug_macro   0x000236d3      0x26e ./Core/Src/UartMessageHandler.o
 .debug_macro   0x00023941       0xa5 ./Core/Src/UartMessageHandler.o
 .debug_macro   0x000239e6      0x24f ./Core/Src/UartMessageHandler.o
 .debug_macro   0x00023c35       0x71 ./Core/Src/UartMessageHandler.o
 .debug_macro   0x00023ca6       0x58 ./Core/Src/UartMessageHandler.o
 .debug_macro   0x00023cfe      0x236 ./Core/Src/UartMessageHandler.o
 .debug_macro   0x00023f34      0xb99 ./Core/Src/UartMessageHandler.o
 .debug_macro   0x00024acd      0x14e ./Core/Src/UartMessageHandler.o
 .debug_macro   0x00024c1b      0x3db ./Core/Src/UartMessageHandler.o
 .debug_macro   0x00024ff6       0x12 ./Core/Src/UartMessageHandler.o
 .debug_macro   0x00025008      0x22c ./Core/Src/UartMessageHandler.o
 .debug_macro   0x00025234       0x61 ./Core/Src/UartMessageHandler.o
 .debug_macro   0x00025295       0xa5 ./Core/Src/UartMessageHandler.o
 .debug_macro   0x0002533a      0x12e ./Core/Src/UartMessageHandler.o
 .debug_macro   0x00025468      0x108 ./Core/Src/UartMessageHandler.o
 .debug_macro   0x00025570       0x35 ./Core/Src/UartMessageHandler.o
 .debug_macro   0x000255a5      0x5ba ./Core/Src/UartMessageHandler.o
 .debug_macro   0x00025b5f       0x44 ./Core/Src/UartMessageHandler.o
 .debug_macro   0x00025ba3      0x2cb ./Core/Src/UartMessageHandler.o
 .debug_macro   0x00025e6e       0xba ./Core/Src/UartMessageHandler.o
 .debug_macro   0x00025f28      0x15b ./Core/Src/UartMessageHandler.o
 .debug_macro   0x00026083      0x13c ./Core/Src/UartMessageHandler.o
 .debug_macro   0x000261bf      0x1f2 ./Core/Src/UartMessageHandler.o
 .debug_macro   0x000263b1       0x10 ./Core/Src/UartMessageHandler.o
 .debug_macro   0x000263c1      0x409 ./Core/Src/UartMessageHandler.o
 .debug_macro   0x000267ca       0x61 ./Core/Src/UartMessageHandler.o
 .debug_macro   0x0002682b       0x29 ./Core/Src/UartMessageHandler.o
 .debug_macro   0x00026854       0x43 ./Core/Src/UartMessageHandler.o
 .debug_macro   0x00026897       0x34 ./Core/Src/UartMessageHandler.o
 .debug_macro   0x000268cb      0x38c ./Core/Src/UartMessageHandler.o
 .debug_macro   0x00026c57       0x16 ./Core/Src/UartMessageHandler.o
 .debug_macro   0x00026c6d       0x4a ./Core/Src/UartMessageHandler.o
 .debug_macro   0x00026cb7       0x34 ./Core/Src/UartMessageHandler.o
 .debug_macro   0x00026ceb       0x10 ./Core/Src/UartMessageHandler.o
 .debug_macro   0x00026cfb       0x58 ./Core/Src/UartMessageHandler.o
 .debug_macro   0x00026d53       0x8e ./Core/Src/UartMessageHandler.o
 .debug_macro   0x00026de1       0x16 ./Core/Src/UartMessageHandler.o
 .debug_macro   0x00026df7      0x185 ./Core/Src/UartMessageHandler.o
 .debug_macro   0x00026f7c       0x10 ./Core/Src/UartMessageHandler.o
 .debug_macro   0x00026f8c       0x3c ./Core/Src/UartMessageHandler.o
 .debug_macro   0x00026fc8       0x20 ./Core/Src/UartMessageHandler.o
 .debug_macro   0x00026fe8       0x8e ./Core/Src/UartMessageHandler.o
 .debug_macro   0x00027076       0x10 ./Core/Src/UartMessageHandler.o
 .debug_macro   0x00027086       0x16 ./Core/Src/UartMessageHandler.o
 .debug_macro   0x0002709c       0x16 ./Core/Src/UartMessageHandler.o
 .debug_macro   0x000270b2       0x29 ./Core/Src/UartMessageHandler.o
 .debug_macro   0x000270db       0x1c ./Core/Src/UartMessageHandler.o
 .debug_macro   0x000270f7       0xde ./Core/Src/UartMessageHandler.o
 .debug_macro   0x000271d5       0x1c ./Core/Src/UartMessageHandler.o
 .debug_macro   0x000271f1       0x10 ./Core/Src/UartMessageHandler.o
 .debug_macro   0x00027201       0x1c ./Core/Src/UartMessageHandler.o
 .debug_macro   0x0002721d       0x16 ./Core/Src/UartMessageHandler.o
 .debug_macro   0x00027233      0x138 ./Core/Src/UartMessageHandler.o
 .debug_macro   0x0002736b      0x11d ./Core/Src/UartMessageHandler.o
 .debug_macro   0x00027488       0x22 ./Core/Src/UartMessageHandler.o
 .debug_macro   0x000274aa       0x43 ./Core/Src/UartMessageHandler.o
 .debug_macro   0x000274ed       0x2c ./Core/Src/UartMessageHandler.o
 .debug_macro   0x00027519      0x173 ./Core/Src/UartMessageHandler.o
 .debug_macro   0x0002768c       0x41 ./Core/Src/UartMessageHandler.o
 .debug_macro   0x000276cd       0x1c ./Core/Src/UartMessageHandler.o
 .debug_macro   0x000276e9       0x1f ./Core/Src/UartMessageHandler.o
 .debug_macro   0x00027708       0x2c ./Core/Src/UartMessageHandler.o
 .debug_macro   0x00027734       0x11 ./Core/Src/UartMessageHandler.o
 .debug_macro   0x00027745       0x18 ./Core/Src/UartMessageHandler.o
 .debug_macro   0x0002775d       0x10 ./Core/Src/UartMessageHandler.o
 .debug_macro   0x0002776d       0x5e ./Core/Src/UartMessageHandler.o
 .debug_macro   0x000277cb       0x16 ./Core/Src/UartMessageHandler.o
 .debug_macro   0x000277e1       0x52 ./Core/Src/UartMessageHandler.o
 .debug_macro   0x00027833       0x5e ./Core/Src/UartMessageHandler.o
 .debug_macro   0x00027891       0x28 ./Core/Src/UartMessageHandler.o
 .debug_macro   0x000278b9       0x2e ./Core/Src/UartMessageHandler.o
 .debug_macro   0x000278e7       0x19 ./Core/Src/UartMessageHandler.o
 .debug_macro   0x00027900       0x11 ./Core/Src/UartMessageHandler.o
 .debug_macro   0x00027911       0x4f ./Core/Src/UartMessageHandler.o
 .debug_macro   0x00027960       0x18 ./Core/Src/UartMessageHandler.o
 .debug_macro   0x00027978       0x27 ./Core/Src/UartMessageHandler.o
 .debug_macro   0x0002799f       0x88 ./Core/Src/UartMessageHandler.o
 .debug_macro   0x00027a27       0x19 ./Core/Src/UartMessageHandler.o
 .debug_macro   0x00027a40       0x1c ./Core/Src/UartMessageHandler.o
 .debug_macro   0x00027a5c       0x10 ./Core/Src/UartMessageHandler.o
 .debug_macro   0x00027a6c      0x242 ./Core/Src/UartMessageHandler.o
 .debug_macro   0x00027cae       0x11 ./Core/Src/UartMessageHandler.o
 .debug_macro   0x00027cbf       0x19 ./Core/Src/UartMessageHandler.o
 .debug_macro   0x00027cd8       0x18 ./Core/Src/UartMessageHandler.o
 .debug_macro   0x00027cf0      0x21f ./Core/Src/main.o
 .debug_macro   0x00027f0f      0x2df ./Core/Src/main_hal.o
 .debug_macro   0x000281ee      0x20c ./Core/Src/stm32f7xx_hal_msp.o
 .debug_macro   0x000283fa      0xaf0 ./Core/Src/stm32f7xx_hal_msp.o
 .debug_macro   0x00028eea     0x12cd ./Core/Src/stm32f7xx_hal_msp.o
 .debug_macro   0x0002a1b7      0x190 ./Core/Src/stm32f7xx_hal_msp.o
 .debug_macro   0x0002a347      0x216 ./Core/Src/stm32f7xx_it.o
 .debug_macro   0x0002a55d      0x1fd ./Core/Src/system_stm32f7xx.o
 .debug_macro   0x0002a75a      0x221 ./Drivers/STM32F7xx_HAL_Driver/Src/stm32f7xx_hal.o
 .debug_macro   0x0002a97b      0x1fd ./Drivers/STM32F7xx_HAL_Driver/Src/stm32f7xx_hal_cortex.o
 .debug_macro   0x0002ab78      0x203 ./Drivers/STM32F7xx_HAL_Driver/Src/stm32f7xx_hal_dma.o
 .debug_macro   0x0002ad7b      0x203 ./Drivers/STM32F7xx_HAL_Driver/Src/stm32f7xx_hal_gpio.o
 .debug_macro   0x0002af7e      0x21b ./Drivers/STM32F7xx_HAL_Driver/Src/stm32f7xx_hal_pwr.o
 .debug_macro   0x0002b199      0x215 ./Drivers/STM32F7xx_HAL_Driver/Src/stm32f7xx_hal_pwr_ex.o
 .debug_macro   0x0002b3ae      0x221 ./Drivers/STM32F7xx_HAL_Driver/Src/stm32f7xx_hal_rcc.o
 .debug_macro   0x0002b5cf      0x1fd ./Drivers/STM32F7xx_HAL_Driver/Src/stm32f7xx_hal_rcc_ex.o
 .debug_macro   0x0002b7cc      0x21a ./Drivers/STM32F7xx_HAL_Driver/Src/stm32f7xx_hal_uart.o

.debug_line     0x00000000     0xd7f0
 .debug_line    0x00000000     0x1566 ./Core/Src/UartMessageHandler.o
 .debug_line    0x00001566      0x807 ./Core/Src/main.o
 .debug_line    0x00001d6d      0xad9 ./Core/Src/main_hal.o
 .debug_line    0x00002846      0x8ff ./Core/Src/stm32f7xx_hal_msp.o
 .debug_line    0x00003145      0x865 ./Core/Src/stm32f7xx_it.o
 .debug_line    0x000039aa      0x812 ./Core/Src/system_stm32f7xx.o
 .debug_line    0x000041bc       0x7a ./Core/Startup/startup_stm32f767zitx.o
 .debug_line    0x00004236      0xaf5 ./Drivers/STM32F7xx_HAL_Driver/Src/stm32f7xx_hal.o
 .debug_line    0x00004d2b      0xd45 ./Drivers/STM32F7xx_HAL_Driver/Src/stm32f7xx_hal_cortex.o
 .debug_line    0x00005a70     0x1012 ./Drivers/STM32F7xx_HAL_Driver/Src/stm32f7xx_hal_dma.o
 .debug_line    0x00006a82      0xc1f ./Drivers/STM32F7xx_HAL_Driver/Src/stm32f7xx_hal_gpio.o
 .debug_line    0x000076a1      0x9c5 ./Drivers/STM32F7xx_HAL_Driver/Src/stm32f7xx_hal_pwr.o
 .debug_line    0x00008066      0xa95 ./Drivers/STM32F7xx_HAL_Driver/Src/stm32f7xx_hal_pwr_ex.o
 .debug_line    0x00008afb      0xffc ./Drivers/STM32F7xx_HAL_Driver/Src/stm32f7xx_hal_rcc.o
 .debug_line    0x00009af7      0xf48 ./Drivers/STM32F7xx_HAL_Driver/Src/stm32f7xx_hal_rcc_ex.o
 .debug_line    0x0000aa3f     0x2db1 ./Drivers/STM32F7xx_HAL_Driver/Src/stm32f7xx_hal_uart.o

.debug_str      0x00000000   0x1014d6
 .debug_str     0x00000000   0x1014d6 ./Core/Src/UartMessageHandler.o
                              0xfe79e (size before relaxing)
 .debug_str     0x001014d6    0xf1a05 ./Core/Src/main.o
 .debug_str     0x001014d6    0xf59fb ./Core/Src/main_hal.o
 .debug_str     0x001014d6    0xf2627 ./Core/Src/stm32f7xx_hal_msp.o
 .debug_str     0x001014d6    0xf1270 ./Core/Src/stm32f7xx_it.o
 .debug_str     0x001014d6    0xf0abc ./Core/Src/system_stm32f7xx.o
 .debug_str     0x001014d6       0x95 ./Core/Startup/startup_stm32f767zitx.o
 .debug_str     0x001014d6    0xf14fc ./Drivers/STM32F7xx_HAL_Driver/Src/stm32f7xx_hal.o
 .debug_str     0x001014d6    0xf14de ./Drivers/STM32F7xx_HAL_Driver/Src/stm32f7xx_hal_cortex.o
 .debug_str     0x001014d6    0xf0dfb ./Drivers/STM32F7xx_HAL_Driver/Src/stm32f7xx_hal_dma.o
 .debug_str     0x001014d6    0xf0b7a ./Drivers/STM32F7xx_HAL_Driver/Src/stm32f7xx_hal_gpio.o
 .debug_str     0x001014d6    0xf0d5d ./Drivers/STM32F7xx_HAL_Driver/Src/stm32f7xx_hal_pwr.o
 .debug_str     0x001014d6    0xf0d2b ./Drivers/STM32F7xx_HAL_Driver/Src/stm32f7xx_hal_pwr_ex.o
 .debug_str     0x001014d6    0xf0e37 ./Drivers/STM32F7xx_HAL_Driver/Src/stm32f7xx_hal_rcc.o
 .debug_str     0x001014d6    0xf0d9a ./Drivers/STM32F7xx_HAL_Driver/Src/stm32f7xx_hal_rcc_ex.o
 .debug_str     0x001014d6    0xf1785 ./Drivers/STM32F7xx_HAL_Driver/Src/stm32f7xx_hal_uart.o

.comment        0x00000000       0x43
 .comment       0x00000000       0x43 ./Core/Src/UartMessageHandler.o
                                 0x44 (size before relaxing)
 .comment       0x00000043       0x44 ./Core/Src/main.o
 .comment       0x00000043       0x44 ./Core/Src/main_hal.o
 .comment       0x00000043       0x44 ./Core/Src/stm32f7xx_hal_msp.o
 .comment       0x00000043       0x44 ./Core/Src/stm32f7xx_it.o
 .comment       0x00000043       0x44 ./Core/Src/system_stm32f7xx.o
 .comment       0x00000043       0x44 ./Drivers/STM32F7xx_HAL_Driver/Src/stm32f7xx_hal.o
 .comment       0x00000043       0x44 ./Drivers/STM32F7xx_HAL_Driver/Src/stm32f7xx_hal_cortex.o
 .comment       0x00000043       0x44 ./Drivers/STM32F7xx_HAL_Driver/Src/stm32f7xx_hal_dma.o
 .comment       0x00000043       0x44 ./Drivers/STM32F7xx_HAL_Driver/Src/stm32f7xx_hal_gpio.o
 .comment       0x00000043       0x44 ./Drivers/STM32F7xx_HAL_Driver/Src/stm32f7xx_hal_pwr.o
 .comment       0x00000043       0x44 ./Drivers/STM32F7xx_HAL_Driver/Src/stm32f7xx_hal_pwr_ex.o
 .comment       0x00000043       0x44 ./Drivers/STM32F7xx_HAL_Driver/Src/stm32f7xx_hal_rcc.o
 .comment       0x00000043       0x44 ./Drivers/STM32F7xx_HAL_Driver/Src/stm32f7xx_hal_rcc_ex.o
 .comment       0x00000043       0x44 ./Drivers/STM32F7xx_HAL_Driver/Src/stm32f7xx_hal_uart.o

.debug_frame    0x00000000     0x231c
 .debug_frame   0x00000000       0xa4 ./Core/Src/UartMessageHandler.o
 .debug_frame   0x000000a4       0x88 ./Core/Src/main.o
 .debug_frame   0x0000012c       0xe0 ./Core/Src/main_hal.o
 .debug_frame   0x0000020c      0x118 ./Core/Src/stm32f7xx_hal_msp.o
 .debug_frame   0x00000324      0x120 ./Core/Src/stm32f7xx_it.o
 .debug_frame   0x00000444       0x58 ./Core/Src/system_stm32f7xx.o
 .debug_frame   0x0000049c      0x3f4 ./Drivers/STM32F7xx_HAL_Driver/Src/stm32f7xx_hal.o
 .debug_frame   0x00000890      0x4e8 ./Drivers/STM32F7xx_HAL_Driver/Src/stm32f7xx_hal_cortex.o
 .debug_frame   0x00000d78      0x250 ./Drivers/STM32F7xx_HAL_Driver/Src/stm32f7xx_hal_dma.o
 .debug_frame   0x00000fc8      0x14c ./Drivers/STM32F7xx_HAL_Driver/Src/stm32f7xx_hal_gpio.o
 .debug_frame   0x00001114      0x254 ./Drivers/STM32F7xx_HAL_Driver/Src/stm32f7xx_hal_pwr.o
 .debug_frame   0x00001368      0x1c8 ./Drivers/STM32F7xx_HAL_Driver/Src/stm32f7xx_hal_pwr_ex.o
 .debug_frame   0x00001530      0x1f8 ./Drivers/STM32F7xx_HAL_Driver/Src/stm32f7xx_hal_rcc.o
 .debug_frame   0x00001728      0x118 ./Drivers/STM32F7xx_HAL_Driver/Src/stm32f7xx_hal_rcc_ex.o
 .debug_frame   0x00001840      0xa10 ./Drivers/STM32F7xx_HAL_Driver/Src/stm32f7xx_hal_uart.o
 .debug_frame   0x00002250       0x20 C:/ST/STM32CubeIDE_1.19.0/STM32CubeIDE/plugins/com.st.stm32cube.ide.mcu.externaltools.gnu-tools-for-stm32.13.3.rel1.win32_1.0.0.202411081344/tools/bin/../lib/gcc/arm-none-eabi/13.3.1/../../../../arm-none-eabi/lib/thumb/v7e-m+dp/hard\libc_nano.a(libc_a-memset.o)
 .debug_frame   0x00002270       0x20 C:/ST/STM32CubeIDE_1.19.0/STM32CubeIDE/plugins/com.st.stm32cube.ide.mcu.externaltools.gnu-tools-for-stm32.13.3.rel1.win32_1.0.0.202411081344/tools/bin/../lib/gcc/arm-none-eabi/13.3.1/../../../../arm-none-eabi/lib/thumb/v7e-m+dp/hard\libc_nano.a(libc_a-strchr.o)
 .debug_frame   0x00002290       0x2c C:/ST/STM32CubeIDE_1.19.0/STM32CubeIDE/plugins/com.st.stm32cube.ide.mcu.externaltools.gnu-tools-for-stm32.13.3.rel1.win32_1.0.0.202411081344/tools/bin/../lib/gcc/arm-none-eabi/13.3.1/../../../../arm-none-eabi/lib/thumb/v7e-m+dp/hard\libc_nano.a(libc_a-init.o)
 .debug_frame   0x000022bc       0x2c C:/ST/STM32CubeIDE_1.19.0/STM32CubeIDE/plugins/com.st.stm32cube.ide.mcu.externaltools.gnu-tools-for-stm32.13.3.rel1.win32_1.0.0.202411081344/tools/bin/../lib/gcc/arm-none-eabi/13.3.1/thumb/v7e-m+dp/hard\libgcc.a(_aeabi_uldivmod.o)
 .debug_frame   0x000022e8       0x34 C:/ST/STM32CubeIDE_1.19.0/STM32CubeIDE/plugins/com.st.stm32cube.ide.mcu.externaltools.gnu-tools-for-stm32.13.3.rel1.win32_1.0.0.202411081344/tools/bin/../lib/gcc/arm-none-eabi/13.3.1/thumb/v7e-m+dp/hard\libgcc.a(_udivmoddi4.o)

.debug_line_str
                0x00000000       0x79
 .debug_line_str
                0x00000000       0x79 ./Core/Startup/startup_stm32f767zitx.o
