../Core/Src/main.c:99:6:HAL_TIM_PeriodElapsedCallback	16	static
../Core/Src/main.c:106:6:HAL_GPIO_EXTI_Callback	24	static
../Core/Src/main.c:156:5:main	8	static
../Core/Src/main.c:204:6:SystemClock_Config	88	static
../Core/Src/main.c:262:13:MX_ETH_Init	8	static
../Core/Src/main.c:311:13:MX_TIM2_Init	40	static
../Core/Src/main.c:356:13:MX_USART3_UART_Init	8	static
../Core/Src/main.c:391:13:MX_USB_OTG_FS_PCD_Init	8	static
../Core/Src/main.c:426:13:MX_GPIO_Init	56	static
../Core/Src/main.c:508:6:Error_Handler	4	static,ignoring_inline_asm
